// Jest Snapshot v1, https://goo.gl/fbAQLP

exports[`tag-pay-wp rendering should cycle state from the default state 1`] = `"<tag-pay-wp dayofweek=\\"Hello\\" data-tag-pay-wp-host=\\"\\" class=\\"hydrated\\"><!----><div class=\\"paywp\\" data-tag-pay-wp=\\"\\"><div class=\\"paywp__container\\" data-tag-pay-wp=\\"\\"><tag-button class=\\"paywp__button\\" accent=\\"default\\" data-tag-pay-wp=\\"\\">Hello</tag-button><svg viewBox=\\"0 0 132 28\\" xmlns=\\"http://www.w3.org/2000/svg\\" data-tag-pay-wp=\\"\\"><path d=\\"M26.34 18A13.14 13.14 0 0 1 .75 13.87a13.13 13.13 0 0 1 25.59-4.12h79.14a13.14 13.14 0 0 1 25.55 4.23A13.13 13.13 0 0 1 105.41 18H26.34z\\" fill=\\"none\\" stroke=\\"#ced4d9\\" stroke-width=\\"1.5\\" data-tag-pay-wp=\\"\\"></path></svg></div></div></tag-pay-wp>"`;

exports[`tag-pay-wp rendering should render correctly 1`] = `"<tag-pay-wp dayofweek=\\"Hello\\" data-tag-pay-wp-host=\\"\\" class=\\"hydrated\\"><!----><div class=\\"paywp\\" data-tag-pay-wp=\\"\\"><div class=\\"paywp__container\\" data-tag-pay-wp=\\"\\"><tag-button class=\\"paywp__button\\" accent=\\"default\\" data-tag-pay-wp=\\"\\">Hello</tag-button><svg viewBox=\\"0 0 132 28\\" xmlns=\\"http://www.w3.org/2000/svg\\" data-tag-pay-wp=\\"\\"><path d=\\"M26.34 18A13.14 13.14 0 0 1 .75 13.87a13.13 13.13 0 0 1 25.59-4.12h79.14a13.14 13.14 0 0 1 25.55 4.23A13.13 13.13 0 0 1 105.41 18H26.34z\\" fill=\\"none\\" stroke=\\"#ced4d9\\" stroke-width=\\"1.5\\" data-tag-pay-wp=\\"\\"></path></svg></div></div></tag-pay-wp>"`;
